32
869
120841341761971907847955774644591458595374466108868229
