0 :: 1 :: nil
1 :: nil
0 :: 1 :: nil
0
1 :: 2 :: 3 :: nil
