zero
suc (suc zero)
zero
suc (suc zero)
suc (suc (suc (suc (suc (suc zero)))))
