:: (suc (suc zero)) (:: (suc (suc (suc zero))) (:: (suc (suc (suc (suc zero)))) (:: (suc (suc (suc (suc (suc zero))))) (:: (suc (suc (suc (suc (suc (suc zero)))))) (:: (suc (suc (suc (suc (suc (suc (suc zero))))))) nil)))))
