[[4 3 2 1 nil] [3 2 1 nil] [2 1 nil] [1 nil] nil]
[4 3 2 1 3 2 1 2 1 1 nil]
