2
alloc[cons](2u8, alloc[cons](1u8, alloc[nil]()))
