-12096
-1448007509520
5510602057585725
-85667472308246220
