cons 1 (cons 2 (cons 3 (cons 4 (cons 5 (cons 6 (cons 7 (cons 8 (cons 9 (cons 10 (cons 11 (cons 12 (cons 13 (cons 14 (cons 15 (cons 16 (cons 17 (cons 18 (cons 19 (cons 20 (cons 21 (cons 22 (cons 23 (cons 24 (cons 25 (cons 26 (cons 27 (cons 28 (cons 29 (cons 30 (cons 31 (cons 32 (cons 33 (cons 34 (cons 35 (cons 36 (cons 37 (cons 38 (cons 39 (cons 40 (cons 41 (cons 42 (cons 43 (cons 44 (cons 45 (cons 46 (cons 47 (cons 48 (cons 49 (cons 50 (cons 51 (cons 52 (cons 53 (cons 54 (cons 55 (cons 56 (cons 57 (cons 58 (cons 59 (cons 60 (cons 61 (cons 62 (cons 63 (cons 64 (cons 65 (cons 66 (cons 67 (cons 68 (cons 69 (cons 70 (cons 71 (cons 72 (cons 73 (cons 74 (cons 75 (cons 76 (cons 77 (cons 78 (cons 79 (cons 80 (cons 81 (cons 82 (cons 83 (cons 84 (cons 85 (cons 86 (cons 87 (cons 88 (cons 89 (cons 90 (cons 91 (cons 92 (cons 93 (cons 94 (cons 95 (cons 96 (cons 97 (cons 98 (cons 99 (cons 100 nil)))))))))))))))))))))))))))))))))))))))))))))))))))))))))))))))))))))))))))))))))))))))))))))))))))
