true
true
true
true
true
false
bytearray-from-list-byte (builtinListCons UInt8 52 (builtinListCons UInt8 98 (builtinListCons UInt8 102 (builtinListCons UInt8 53 (builtinListCons UInt8 49 (builtinListCons UInt8 50 (builtinListCons UInt8 50 (builtinListCons UInt8 102 (builtinListCons UInt8 51 (builtinListCons UInt8 52 (builtinListCons UInt8 52 (builtinListCons UInt8 53 (builtinListCons UInt8 53 (builtinListCons UInt8 52 (builtinListCons UInt8 99 (builtinListCons UInt8 53 (builtinListCons UInt8 51 (builtinListCons UInt8 98 (builtinListCons UInt8 100 (builtinListCons UInt8 101 (builtinListCons UInt8 50 (builtinListCons UInt8 101 (builtinListCons UInt8 98 (builtinListCons UInt8 98 (builtinListCons UInt8 56 (builtinListCons UInt8 99 (builtinListCons UInt8 100 (builtinListCons UInt8 50 (builtinListCons UInt8 98 (builtinListCons UInt8 55 (builtinListCons UInt8 101 (builtinListCons UInt8 51 (builtinListCons UInt8 100 (builtinListCons UInt8 49 (builtinListCons UInt8 54 (builtinListCons UInt8 48 (builtinListCons UInt8 48 (builtinListCons UInt8 97 (builtinListCons UInt8 100 (builtinListCons UInt8 54 (builtinListCons UInt8 51 (builtinListCons UInt8 49 (builtinListCons UInt8 99 (builtinListCons UInt8 51 (builtinListCons UInt8 56 (builtinListCons UInt8 53 (builtinListCons UInt8 97 (builtinListCons UInt8 53 (builtinListCons UInt8 100 (builtinListCons UInt8 55 (builtinListCons UInt8 99 (builtinListCons UInt8 99 (builtinListCons UInt8 101 (builtinListCons UInt8 50 (builtinListCons UInt8 51 (builtinListCons UInt8 99 (builtinListCons UInt8 55 (builtinListCons UInt8 55 (builtinListCons UInt8 56 (builtinListCons UInt8 53 (builtinListCons UInt8 52 (builtinListCons UInt8 53 (builtinListCons UInt8 57 (builtinListCons UInt8 97 (builtinListNil UInt8)))))))))))))))))))))))))))))))))))))))))))))))))))))))))))))))))
