13200200200
21320020020013200200200
3213200200200132002002002132002002001320020020021320020020013200200200
13213200200200132002002002132002002001320020020021320020020013200200200
21321320020020013200200200213200200200132002002002132002002001320020020013213200200200132002002002132002002001320020020021320020020013200200200
