cons 9 (cons 7 (cons 5 (cons 3 (cons 1 nil))))
-12096
10480
5725
13780
-13664
18525
