!
0
a
b
c
d
0
1
2
3
6
1
0
1
0
1
0
1
0
1
0
9
7
2
8
3
6
