6
4
7
9
40
6
3
7
9
30
6
2
7
9
20
6
1
7
9
10
6
0
7
end
