Collatz calculator
------------------

Type a number then ENTER
Collatz sequence:
123
370
185
556
278
139
418
209
628
314
157
472
236
118
59
178
89
268
134
67
202
101
304
152
76
38
19
58
29
88
44
22
11
34
17
52
26
13
40
20
10
5
16
8
4
2
1
Finished!
