2532951952066291849588125948166549073936175050732117689981164439295110414326
