50005000
5000050000
500000500000
50000005000000
5000000050000000
500000000500000000
