(cls
  (env
    (cls
      (env
        nil)
      (lamb
        (list
          so1)
        (index 0))))
  (lamb
    (list
      int)
    (index 1)))
