(cls
  (env
    nil)
  (lamb
    (list
      so1)
    (left
      so1
      (unit))))
