(lamb
  lamb
    so1
    (coprod
      so1
      so1)
    (right
      unit))