(lamb
  lamb
    (coprod
      (coprod
        so1
        so1)
      (coprod
        (prod
          (coprod
            so1
            so1)
          (!->
            (coprod
              so1
              so1)
            (coprod
              so1
              so1)))
        (prod
          (coprod
            so1
            so1)
          (prod
            (!->
              (coprod
                so1
                so1)
              (!->
                (coprod
                  so1
                  so1)
                (coprod
                  so1
                  so1)))
            (coprod
              so1
              so1)))))
    (coprod
      so1
      so1)
    (case-on
      (coprod
        so1
        so1)
      (coprod
        (prod
          (coprod
            so1
            so1)
          (!->
            (coprod
              so1
              so1)
            (coprod
              so1
              so1)))
        (prod
          (coprod
            so1
            so1)
          (prod
            (!->
              (coprod
                so1
                so1)
              (!->
                (coprod
                  so1
                  so1)
                (coprod
                  so1
                  so1)))
            (coprod
              so1
              so1))))
      (coprod
        so1
        so1)
      (index 1)
      (lamb
        (coprod
          so1
          so1)
        (coprod
          so1
          so1)
        (app
          (coprod
            so1
            so1)
          (coprod
            so1
            so1)
          (lamb
            (coprod
              so1
              so1)
            (coprod
              so1
              so1)
            (index 0))
          (index 2)))
      (lamb
        (coprod
          (prod
            (coprod
              so1
              so1)
            (!->
              (coprod
                so1
                so1)
              (coprod
                so1
                so1)))
          (prod
            (coprod
              so1
              so1)
            (prod
              (!->
                (coprod
                  so1
                  so1)
                (!->
                  (coprod
                    so1
                    so1)
                  (coprod
                    so1
                    so1)))
              (coprod
                so1
                so1))))
        (coprod
          so1
          so1)
        (case-on
          (prod
            (coprod
              so1
              so1)
            (!->
              (coprod
                so1
                so1)
              (coprod
                so1
                so1)))
          (prod
            (coprod
              so1
              so1)
            (prod
              (!->
                (coprod
                  so1
                  so1)
                (!->
                  (coprod
                    so1
                    so1)
                  (coprod
                    so1
                    so1)))
              (coprod
                so1
                so1)))
          (coprod
            so1
            so1)
          (index 2)
          (lamb
            (prod
              (coprod
                so1
                so1)
              (!->
                (coprod
                  so1
                  so1)
                (coprod
                  so1
                  so1)))
            (coprod
              so1
              so1)
            (app
              (!->
                (coprod
                  so1
                  so1)
                (coprod
                  so1
                  so1))
              (!->
                (coprod
                  so1
                  so1)
                (coprod
                  so1
                  so1))
              (app
                (coprod
                  so1
                  so1)
                (prod
                  (coprod
                    so1
                    so1)
                  (!->
                    (coprod
                      so1
                      so1)
                    (coprod
                      so1
                      so1)))
                (lamb
                  (coprod
                    so1
                    so1)
                  (!->
                    (!->
                      (coprod
                        so1
                        so1)
                      (coprod
                        so1
                        so1))
                    (coprod
                      so1
                      so1))
                  (lamb
                    (!->
                      (coprod
                        so1
                        so1)
                      (coprod
                        so1
                        so1))
                    (coprod
                      so1
                      so1)
                    (app
                      (coprod
                        so1
                        so1)
                      (coprod
                        so1
                        so1)
                      (index 0)
                      (index 1))))
                (fst
                  (coprod
                    so1
                    so1)
                  (!->
                    (coprod
                      so1
                      so1)
                    (coprod
                      so1
                      so1))
                  (index 3)))
              (snd
                (coprod
                  so1
                  so1)
                (!->
                  (coprod
                    so1
                    so1)
                  (coprod
                    so1
                    so1))
                (index 3))))
          (lamb
            (prod
              (coprod
                so1
                so1)
              (prod
                (!->
                  (coprod
                    so1
                    so1)
                  (!->
                    (coprod
                      so1
                      so1)
                    (coprod
                      so1
                      so1)))
                (coprod
                  so1
                  so1)))
            (coprod
              so1
              so1)
            (app
              (coprod
                so1
                so1)
              (coprod
                so1
                so1)
              (app
                (!->
                  (coprod
                    so1
                    so1)
                  (!->
                    (coprod
                      so1
                      so1)
                    (coprod
                      so1
                      so1)))
                (prod
                  (!->
                    (coprod
                      so1
                      so1)
                    (!->
                      (coprod
                        so1
                        so1)
                      (coprod
                        so1
                        so1)))
                  (coprod
                    so1
                    so1))
                (app
                  (coprod
                    so1
                    so1)
                  (prod
                    (coprod
                      so1
                      so1)
                    (prod
                      (!->
                        (coprod
                          so1
                          so1)
                        (!->
                          (coprod
                            so1
                            so1)
                          (coprod
                            so1
                            so1)))
                      (coprod
                        so1
                        so1)))
                  (lamb
                    (coprod
                      so1
                      so1)
                    (!->
                      (!->
                        (coprod
                          so1
                          so1)
                        (!->
                          (coprod
                            so1
                            so1)
                          (coprod
                            so1
                            so1)))
                      (!->
                        (coprod
                          so1
                          so1)
                        (coprod
                          so1
                          so1)))
                    (lamb
                      (!->
                        (coprod
                          so1
                          so1)
                        (!->
                          (coprod
                            so1
                            so1)
                          (coprod
                            so1
                            so1)))
                      (!->
                        (coprod
                          so1
                          so1)
                        (coprod
                          so1
                          so1))
                      (lamb
                        (coprod
                          so1
                          so1)
                        (coprod
                          so1
                          so1)
                        (app
                          (coprod
                            so1
                            so1)
                          (coprod
                            so1
                            so1)
                          (app
                            (coprod
                              so1
                              so1)
                            (!->
                              (coprod
                                so1
                                so1)
                              (coprod
                                so1
                                so1))
                            (index 1)
                            (index 2))
                          (index 0)))))
                  (fst
                    (coprod
                      so1
                      so1)
                    (prod
                      (!->
                        (coprod
                          so1
                          so1)
                        (!->
                          (coprod
                            so1
                            so1)
                          (coprod
                            so1
                            so1)))
                      (coprod
                        so1
                        so1))
                    (index 3)))
                (fst
                  (!->
                    (coprod
                      so1
                      so1)
                    (!->
                      (coprod
                        so1
                        so1)
                      (coprod
                        so1
                        so1)))
                  (coprod
                    so1
                    so1)
                  (snd
                    (coprod
                      so1
                      so1)
                    (prod
                      (!->
                        (coprod
                          so1
                          so1)
                        (!->
                          (coprod
                            so1
                            so1)
                          (coprod
                            so1
                            so1)))
                      (coprod
                        so1
                        so1))
                    (index 3))))
              (snd
                (!->
                  (coprod
                    so1
                    so1)
                  (!->
                    (coprod
                      so1
                      so1)
                    (coprod
                      so1
                      so1)))
                (coprod
                  so1
                  so1)
                (snd
                  (coprod
                    so1
                    so1)
                  (prod
                    (!->
                      (coprod
                        so1
                        so1)
                      (!->
                        (coprod
                          so1
                          so1)
                        (coprod
                          so1
                          so1)))
                    (coprod
                      so1
                      so1))
                  (index 3)))))))))