1725896553192394782543714999351211125700806599592244002323760583399227747069
