-239707713998411894939692760394344630800925432259393396371649456207189656012
