-1085550836599839364109196834928521031686932164599479009991927616840761606155
