Hello!
2 :: 7 :: 3 :: 1 :: 0 :: nil
0 :: 1 :: 2 :: 3 :: 7 :: nil
1
7
