1
3
2
0
777
0
777
2
0
777
0
777
2
0
777
0
777
666
2
1
3
2
1
3
2
0
777
0
777
2
0
777
0
777
2
0
777
0
777
1
3
2
0
777
0
777
2
0
777
0
777
2
0
777
0
777
2
1
3
2
0
777
0
777
2
0
777
0
777
2
0
777
0
777
1
3
2
0
777
0
777
2
0
777
0
777
2
0
777
0
777
2
1
3
2
0
777
0
777
2
0
777
0
777
2
0
777
0
777
1
3
2
0
777
0
777
2
0
777
0
777
2
0
777
0
777
1
3
2
1
3
2
0
777
0
777
2
0
777
0
777
2
0
777
0
777
1
3
2
0
777
0
777
2
0
777
0
777
2
0
777
0
777
2
1
3
2
0
777
0
777
2
0
777
0
777
2
0
777
0
777
1
3
2
0
777
0
777
2
0
777
0
777
2
0
777
0
777
2
1
3
2
0
777
0
777
2
0
777
0
777
2
0
777
0
777
1
3
2
0
777
0
777
2
0
777
0
777
2
0
777
0
777
