960520245973031731151539114206112032362948660473336226878218924279221851535
