-245332851819226602385083744327390214455788255951827084039649627662983776294
