1
255
2
true
true
false
1
238
3
240
(1 :: 238 :: 3 :: 2 :: nil)
