10 :: 9 :: 8 :: 7 :: 6 :: 5 :: 4 :: 3 :: 2 :: 1 :: nil
1 :: 2 :: 3 :: 4 :: 5 :: 6 :: 7 :: 8 :: 9 :: 10 :: nil
10 :: 9 :: 8 :: 7 :: 6 :: nil
0 :: 1 :: 2 :: 3 :: 4 :: 5 :: 6 :: 7 :: 8 :: 9 :: nil
50005000
50005000
