false
true
0
1 :: nil
1
1 :: 2 :: nil
1 :: 2 :: nil
1 :: 2 :: nil
