9 :: 7 :: 5 :: 3 :: 1 :: nil
300
4160
2336
5280
8800
13536
1
0
1
0
4
9
0
