1
-1
1
-1
1
-1
1
0
1
1
false
true
true
false
0
-1
-1
1
1
-4
-2
0
true
false
-1
false
true
true
false
2
-1
