true
false
3
5
true :: false :: nil
1 :: 2 :: 3 :: nil
1 :: 2 :: nil
true :: false :: nil
just (true) :: nothing :: just (false) :: nil
just (1 :: nil) :: nothing :: just (2 :: 3 :: nil) :: nil
abba
abba!
abba3
a :: b :: c :: d :: nil
