(pair 1 2, 3) :: (pair 2 3, 4) :: nil, pair 1 2 :: pair 2 3 :: nil
