Equal
LessThan
GreaterThan
LessThan
GreaterThan
LessThan
GreaterThan
Equal
