suc (suc (suc (suc (suc (suc (suc (suc (suc (suc (suc (suc (suc (suc (suc (suc (suc (suc (suc (suc (suc (suc (suc (suc (suc (suc (suc (suc (suc (suc (suc (suc (suc (suc zero)))))))))))))))))))))))))))))))))
